
> frontend@0.0.0 dev
> vite --host 0.0.0.0


  VITE v8.2.0  ready in 175 ms

  ➜  Local:   http://localhost:5173/
  ➜  Network: http://172.24.0.13:5173/  ens33
5:23:14 AM [vite] (client) hmr update /src/pages/nibgpt/NIBGPTPage.tsx
5:24:05 AM [vite] (client) hmr update /src/pages/nibgpt/NIBGPTPage.tsx
6:16:16 AM [vite] (client) hmr update /src/pages/nibgpt/NIBGPTPage.tsx
8:26:35 AM [vite] (client) hmr update /src/pages/nibgpt/NIBGPTPage.tsx
8:27:25 AM [vite] (client) hmr update /src/pages/nibgpt/NIBGPTPage.tsx
8:27:51 AM [vite] (client) hmr update /src/pages/nibgpt/NIBGPTPage.tsx
8:28:16 AM [vite] (client) hmr update /src/pages/nibgpt/NIBGPTPage.tsx
8:28:42 AM [vite] (client) hmr update /src/pages/nibgpt/NIBGPTPage.tsx
8:29:44 AM [vite] (client) hmr update /src/pages/nibgpt/NIBGPTPage.tsx
8:29:56 AM [vite] (client) hmr update /src/pages/nibgpt/NIBGPTPage.tsx
8:30:00 AM [vite] (client) hmr update /src/pages/nibgpt/NIBGPTPage.tsx
8:31:04 AM [vite] (client) hmr update /src/pages/nibgpt/NIBGPTPage.tsx
8:32:50 AM [vite] (client) hmr update /src/pages/nibgpt/NIBGPTPage.tsx
8:33:11 AM [vite] (client) hmr update /src/pages/nibgpt/NIBGPTPage.tsx
12:11:53 PM [vite] (client) hmr update /src/pages/nibgpt/NIBGPTPage.tsx
12:14:12 PM [vite] (client) hmr update /src/pages/nibgpt/NIBGPTPage.tsx
12:17:30 PM [vite] (client) hmr update /src/pages/nibgpt/NIBGPTPage.tsx
12:17:43 PM [vite] (client) hmr update /src/pages/nibgpt/NIBGPTPage.tsx
12:18:39 PM [vite] (client) hmr update /src/pages/nibgpt/NIBGPTPage.tsx
12:32:29 PM [vite] (client) hmr update /src/pages/nibgpt/NIBGPTPage.tsx
12:32:44 PM [vite] (client) hmr update /src/pages/nibgpt/NIBGPTPage.tsx
12:33:20 PM [vite] (client) hmr update /src/pages/nibgpt/NIBGPTPage.tsx
